Gll^Fdf, Gll^Fmf, Gll^Fmf, Gll^Emf, Gd^Efm, Rb, Gll^Fp, Gll^Fp, Gd^Fdf, Hhd^Fdf, Hhd^Fdf, Hh^Fds, Md, Md, Md, Md, Md, Md^Xm, Md, Md^Xm, Md, Md, Md, Md, Md, Md, Md, Md^Xm, Md^Xm, Md^Xm, Md^Xm, Md^Xm, Md^Xm, Md^Xm, Md, Md^Xm, Md^Xm, Md^Xm, Md^Xm, Md, Md, Md, Md^Xm, Md^Xm, Md^Xm, Md^Xm, Md^Xm, Md^Xm, Md^Xm, Md^Xm, Md^Xm, Md^Xm, Md^Xm, Md, Md^Xm, Md^Xm, Md, Md, Md, Md, Md
Gll^Fdf, Gll^Fmf, Gll^Em, Gd^Efm, Gll^Efm, Rb^Es, Rb, Gll^Fp, Gd^Fmf, Hhd^Fdf, Gll, Hhd^Fp, Hhd^Fp, Hhd^Fdf, Md, Md, Md, Md, Md, Md, Gll^Fp, Hhd^Fp, Hhd^Fp, Md, Md, Md, Md, Md^Xm, Md^Xm, Md^Xm, Hhd, Md^Xm, Hhd^Fp, Md, Hhd^Em, Md, Md, Md^Xm, Md, Md, Md, Md^Xm, Md^Xm, Md^Xm, Md^Xm, Md^Xm, Md^Xm, Md^Xm, Md^Xm, Md^Xm, Md^Xm, Md^Xm, Md^Xm, Md^Xm, Md^Xm, Md^Xm, Md, Hhd^Em, Hhd^Fmw, Hhd^Fmw, Hhd^Emf
Gll, Gll, Gll^Fdf, Gll^Fdf, Ce, Ce, Gd^Fetd, Rb^Emf, Re, Gd, Gll^Dr, Gll^Es, Gll^Fp, Hhd^Fmf, Hhd^Fmf, Hhd^Emf, Rb^Es, Md, Rb, Md, Gll^Fp, Hhd^Fp, Gll^Fp, Md, Hhd^Vhhr, Md, Gll^Fp, Md, Md, Md^Xm, Hhd^Fp, Hhd, Wwg, Hhd^Fp, Hhd^Fp, Md, Gll^Fp, Md, Md, Md, Md, Md^Xm, Md^Xm, Md^Xm, Md^Xm, Md^Xm, Md^Xm, Md^Xm, Md^Xm, Md^Xm, Md^Xm, Md^Xm, Md, Md^Xm, Md, Md, Hhd^Em, Hhd^Em, Gd, Gll^Emf, Gll^Fetd
Gll^Efm, Gll^Efm, Gll^Fmf, Gll^Fdf, Ce, 1 Ke, Ce^Es, Gd^Em, Re, Re, Re^Em, Re^Emf, Hhd^Es, Hhd^Em, Hhd^Fp, Hhd, Md, Rb^Es, Hhd^Fdf, Rb, Gd, Gll^Fp, Gll, Hhd^Fp, Gd^Es, Md, Hhd^Fp, Md, Hhd^Fp, Hhd^Fp, Hhd^Fp, Wwg, Wwg^Ewl, Gd^Emf, Gd^Fp, Gd^Fp, Gll^Emf, Gll, Hhd^Fp, Md, Md, Md, Md, Md, Md, Md^Xm, Md, Md^Xm, Md^Xm, Md, Md, Md, Md^Xm, Md, Md^Xm, Md, Md, Gd^Em, Gd^Em, Gll^Es, Gll^Es
Gll, Gd^Es, Gd^Em, Gd, Gd^Emf, Ce^Es, Ce, Rb^Es, Gll, Gll, Md, Hhd, Wwrg, Hhd^Feth, Md, Md, Md, Wwf, Wog, Wwg, Hhd^Fp, Gd^Es, Gll^Fp, Gll^Efm, Gd, Gd, Re^Fp, Hhd^Fp, Sm, Gd^Fp, Gd, Wwf^Ewf, Wwf^Wkf, Wwf, Gd^Fp, Gll^Fp, Gd^Fp, Gll^Fp, Hhd, Md, Md^Xm, Md, Md, Md, Hhd^Emf, Hhd^Em, Hhd^Edt, Md, Md^Xm, Md, Md, Md^Xm, Md^Xm, Md^Xm, Md^Xm, Md^Xm, Md, Hhd^Vo, Hhd^Em, Hhd^Em, Gd^Fdw
Gd^Fdf, Gd^Fdf, Gll^Dr, Gd^Emf, Gd^Vhr, Gd^Em, Rb, Rb, Md, Md, Md, Wwf^Wkf, Wog^Ewl, Wog, Wog^Ewf, Wog^Ewl, Wog, Wwrg, Wwrg, Wwg, Hhd^Fp, Hhd^Emf, Hhd^Fp, Hhd, Gll^Fp, Rb, Rb^Em, Hhd^Fp, Ss, Ss, Sm, Wwf^Es, Ss, Gd^Fp, Gd^Es, Gd^Fp, Hhd^Vhr, Gll^Fp, Md, Md^Xm, Md, Md, Hhd^Tf, Hhd, Gll^Emf, Hhd^Emf, Gll^Fdw, Gll^Fdw, Hhd^Fdw, Md, Cte^Emf, Md, Md, Md^Xm, Md, Md^Xm, Hhd^Br|, Hhd^Br/, Hhd^Fdw, Hhd^Fdw, Gd^Fdw
Hhd^Fdf, Gll^Fdf, Gll^Em, Gd, Gd, Re, Hhd^Emf, Hhd^Fdf, Md^Xm, Md^Xm, Md^Xm, Wwf^Wkf, Wwf, Wog^Ewl, Wog, Wog^Ewl, Wwg, Wwrg, Wwf, Hhd^Fp, Hhd, Hhd^Fp, Hhd^Fp, Hhd^Fp, Hhd^Fp, Gll, Sm, Ss^Bw\r, Sm^Bw\r, Ss, Hhd, Sm, Hhd, Gll^Fp, Gll, Gd^Fp, Md, Hhd^Fp, Md, Md, Md, Md, Md, Gll^Es, Hhd^Vo, Md, Md, Gll^Fdw, Hhd, Cte^Tf, Hhd^Br\, Hhd, Cte^Emf, Cfr^Emf, Hhd^Tf, Md, Hhd^Br/, Hhd^Es, Md, Md, Md
Hhd, Hhd, Hhd^Fdf, Gll^Fmf, Re, Re, Md, Md, Md, Md^Xm, Md, Md, Md^Xm, Wwg, Wog, Wog, Hhd, Wwf^Wkf, Hhd^Em, Hhd^Fp, Hhd^Vc, Hhd^Fp, Hhd^Fp, Hhd^Fp, Hhd^Fp, Hhd, Wwf^Wkf, Wwf^Wkf, Re^Edt, Hhd, Cvr, Cvr^Em, Cvr, Gll^Es, Gll, Hhd, Hhd, Md, Hhd^Fp, Md, Md, Md, Gd^Emf, Gd^Es, Md, Md, Md^Xm, Md^Xm, Md^Xm, Md, Md, Hhd^Fdw, Cfr^Fdw, 3 Kfr, Cfr^Em, Hhd^Br/, Hhd^Es, Md^Xm, Md^Xm, Md^Xm, Md
Wog, Hhd^Em, Wwg, Gll^Fdf, Rb^Es, Gll, Wwrg, Md, Md, Md, Md, Md, Md, Wog, Wog, Gll, Hhd, Hhd, Hhd, Hhd, Hhd, Hhd^Fp, Hhd, Hhd^Fp, Gll^Fp, Gll, Cer^Ebn, Cer^Emf, Re^Vct, Rb^Edt, Cer^Edt, 2 Kvr, Cvr^Es, Hhd^Em, Hhd, Hhd, Gd, Md, Md, Md, Md^Xm, Md, Hhd, Gd^Em, Md, Md, Md, Md^Xm, Md^Xm, Md^Xm, Hhd^Feth, Hhd^Fdw, Hhd^Br|, Cfr^Emf, Md, Md, Hhd, Hhd, Md^Xm, Md^Xm, Md^Xm
Wog, Wog, Wwg, Wwrg, Wwrg, Wwrg^Bsb\, Wwf^Bsb\, Wwrg, Wwf^Dr, Wwf^Wkf, Wwf^Wkf, Wwrg, Wwrg, Wog, Wwg, Gd^Edt, Gll^Edt, Hhd^Fp, Gll^Fp, Gll^Fp, Gll^Fp, Hhd^Es, Gd^Fp, Hhd, Gd^Fp, Rb^Feth, Hhd^Em, Re, Hhd^Emf, Re^Em, Rb, Cer^Es, Rb, Hhd^Edt, Hhd^Em, Gd^Es, Hhd, Hhd, Md, Md^Xm, Md^Xm, Hhd, Hhd^Fdw, Md, Hhd^Fmw, Md, Md, Md^Xm, Md^Xm, Md^Xm, Md, Hhd^Emf, Hhd^Br|, Hhd^Fdw, Md, Md, Md^Xm, Md, Md, Md^Xm, Md
Wog, Wwg, Wwg, Wwrg, Hhd^Em, Wwf, Wwf^Wkf, Wwf^Wkf, Wwf^Bsb\, Wwf^Es, Wwf^Dr, Wwrg, Hhd, Wwg, Hhd, Gd^Edt, Gd^Edt, Gll^Fp, Gll, Gll^Fp, Gll, Gll^Fp, Gd^Fp, Gll^Fp, Hhd^Fp, Hhd^Em, Hhd^Em, Hhd^Vct, Re^Emf, Re^Ecf, Re, Rb^Edt, Rb^Em, Rb^Emf, Hhd, Hhd, Hhd^Em, Md, Md, Md^Xm, Hhd^Emf, Hhd, Gll^Emf, Hhd^Fdw, Hhd^Fmw, Md, Md, Md, Md, Md, Md, Hhd, Hhd^Br/, Gd^Efm, Hhd^Vhhr, Md^Xm, Md, Md^Xm, Md, Md, Hhd
Hhd^Fmf, Hhd^Fdf, Hhd^Fdf, Hhd, Hhd^Edt, Wwrg, Cvr, Wwf^Wkf, Rb^Es, Rb^Em, Re, Hhd^Fmf, Cer, Hhd^Emf, Hhd, Hhd, Hhd, Gd, Re, Gll, Gd, Gd^Em, Gd^Emf, Gd^Fp, Gll, Hhd^Em, Hhd^Emf, Hhd^Emf, Rb, Re^Edt, Rb^Vct, Rb^Edt, Rb^Edt, Cvr^Ebn, Hhd, Hhd, Hhd, Hhd, Hhd^Fp, Md, Hhd^Fp, Gll, Gll^Em, Hhd^Fdw, Gd^Efm, Hhd^Fdw, Hhd, Hhd^Tf, Hhd^Tf, Hhd^Fp, Hhd^Fp, Re^Edt, Gd^Es, Gd, Hhd^Fp, Hhd, Hhd^Fp, Hhd^Tf, Hhd^Emf, Hhd^Fp, Hhd^Fp
Gd, Hhd^Fmf, Gll^Edt, Hhd^Fdf, Gll^Emf, Re, Re, Rb, Rb^Emf, Re^Vo, Re^Es, Re^Emf, Cer^Em, Hhd^Emf, Hhd^Edt, Hhd, Hhd, Rb^Es, Gd^Es, Re, Re, Gd^Fp, Re^Emf, Gd, Gll^Es, Hhd^Em, Hhd, Rb^Emf, Cvr^Edt, Re^Edt, Hhd, Rb, Gll^Edt, Gll, Gd, Hhd^Es, Gll, Gll^Fp, Gll^Fp, Hhd^Fp, Gll^Fp, Gll, Gd^Edt, Gll^Edt, Gd^Efm, Gd^Efm, Re, Gd^Emf, Hhd, Hhd^Fmw, Gd, Re, Gll^Em, Hhd^Fdw, Hhd^Fdw, Hhd^Fdw, Hhd^Fp, Hhd, Gd^Es, Hhd^Fp, Hhd
Gd^Em, Gd^Es, Gll, Gll^Edt, Rb^Edt, Rb^Dr, Re^Edt, Re^Em, Rb^Dr, Rb^Emf, Rb^Es, Cer^Em, Gd^Edt, Hhd, Gd^Edt, Rb, Rb, Rb, Gll^Fp, Gll^Fp, Gd, Re^Em, Gll^Fp, Gd^Emf, Gd, Gll, Hhd^Fp, Cvr^Eb, Hhd^Fp, Cvr^Emf, Hhd, Hhd, Gll, Gd^Edt, Re, Gll^Es, Re, Gll^Fp, Gll^Fp, Gll^Fp, Re^Es, Gd, Rb, Gd, Gd^Vo, Re, Gd, Re, Gd^Edt, Gd^Efm, Re^Es, Re^Em, Gll^Emf, Hhd^Fdw, Gll, Hhd^Fp, Gll, Gd^Edt, Gd, Gll^Es, Hhd^Feth
Gd^Fdf, Gd, Gd, Gll^Edt, Hhd^Fmf, Rb^Edt, Gd^Fdf, Re^Edt, Gd, Rb^Emf, Gd, Gll, Gll^Edt, Gll^Edt, Gll^Edt, Gd^Edt, Gd, Gd^Fp, Hhd^Fp, Gd^Fp, Hhd^Fp, Gll^Fp, Gll^Fp, Gd, Gll, Gll, Gll^Em, Hhd^Fp, Gll^Efm, Hhd, Gll, Gd^Es, Gd, Gd, Gd, Re, Hhd^Es, Re, Gd, Re^Em, Hhd^Es, Re, Gd^Fp, Rb, Rb^Es, Re, Gd^Fdw, Gd^Edt, Gll^Es, Gll, Gll^Es, Gll^Emf, Gll^Tf, Gll^Emf, Gll^Es, Gll, Gll^Fmw, Hhd, Hhd^Fp, Hhd^Em, Hhd
Gll^Fdf, Gd^Fdf, Hhd^Emf, Gd, Hhd^Emf, Hhd^Fdf, Hhd^Fdf, Gd^Fdf, Hhd, Gd^Es, Gll, Gll^Edt, Gll^Fp, Gll^Edt, Gll, Gll^Edt, Hhd^Fp, Gd, Hhd^Fp, Hhd^Fp, Hhd^Fp, Gll^Fp, Hhd^Fp, Gll^Efm, Hhd^Es, Gll^Fp, Gll^Fp, Gll^Fp, Gll, Gll^Efm, Gll^Fp, Gd^Em, Gd^Fp, Gd^Es, Hhd^Fp, Hhd, Md, Md, Md, Hhd, Hhd^Em, Gd^Fp, Gd^Fp, Rb^Es, Gll, Gll^Fdw, Hhd^Fdw, Hhd^Fdw, Hhd^Em, Hhd^Fetd, Hhd, Hhd, Hhd^Emf, Gd^Em, Gd, Gll^Fmw, Hhd^Fp, Hhd^Fp, Hhd^Emf, Hhd^Emf, Hhd
Gll^Fdf, Gll^Fdf, Hhd^Fdf, Hhd^Emf, Hhd^Emf, Hhd^Fdf, Hhd, Hhd, Hhd, Hhd, Gll, Gll, Gd^Fp, Gll^Fp, Gll, Hhd, Hhd, Hhd^Fp, Hhd^Fp, Hhd^Fp, Hhd^Fp, Hhd^Fp, Hhd^Fp, Hhd, Hhd, Gll^Fp, Gll, Gll^Fp, Gll, Gll^Efm, Gll^Fp, Gll^Fp, Gll^Fp, Gd^Fp, Gll^Fp, Hhd, Md, Md, Md, Md, Hhd, Gd, Gd, Rb, Gll, Hhd^Em, Hhd, Hhd, Hhd, Hhd^Emf, Hhd, Hhd, Hhd, Gd^Emf, Gd, Gll, Hhd, Hhd^Fp, Hhd, Hhd^Em, Hhd
