Xu^Qhh, Xu^Qhh, Xu^Qhh, Xu^Qhh, Xu^Qhh, Xu^Qhh, Xu^Qhh, Xu^Qhh, Xoa, Urb, Isa^Qhh, Urb, Xoa, Xu^Qhh, Xu^Qhh, Xu^Qhh, Xu^Qhh, Xu^Qhh, Xu^Qhh, Xu^Qhh, Xu^Qhh
Xu^Qhh, Xu^Qhh, Xu^Qhh, Xu^Qhh, Xu^Qhh, Xu^Qhh, Xu^Qhh, Xu^Qhh, Xoa, Urb^Emf, Isa^Qhh, Urb, Xoa, Xu^Qhh, Xu^Qhh, Xu^Qhh, Mm^Xm, Xu^Qhh, Xu^Qhh, Xu^Qhh, Mm^Xm
Xu^Qhh, Xu^Qhh, Mm^Xm, Xu^Qhh, Xu^Qhh, Xu^Qhh, Xu^Qhh, Xu^Qhh, Xoa, Urb, Isa^Qhh, Urb^Em, Xu^Qhh, Xu^Qhh, Xu^Qhh, Xu^Qhh, Mm^Xm, Mm^Xm, Mm^Xm, Mm^Xm, Mm^Xm
Mm^Xm, Mm^Xm, Mm^Xm, Mm^Xm, Mm^Xm, Mm^Xm, Mm^Qhh, Xu^Qhh, Xur, Xoa, Xoa, Xoa, Xur, Xu^Qhh, Mm^Qhh, Mm^Qhh, Mm^Qhh, Mm^Qhh, Mm^Xm, Mm^Xm, Mm^Xm
Mm^Xm, Mm^Qhh, Mm^Qhh, Mm^Qhh, Mm^Qhh, Mm^Qhh, Cfr^Em, Xuf, Cfr^Es, Isa^Qhh, Isa^Qhh, Isa^Qhh, Cfr^Emf, Xuf, Cfr^Em, Mm^Qhh, Hh^Qhh, Mm^Qhh, Mm^Qhh, Mm^Xm, Mm^Qhh
Mm^Qhh, Mm^Qhh, Mm^_mh, Mm^Qhh, Hh^Qhh, Hh^Qhh, Cfr^Fds, Cv^Fet, Urb, Isa^Es, Isa^Em, Isa, Urb^Es, Cv^Fet, Cfr^Em, Hh^Qhh, Hh^Qhh, Hh^Fds, Hh^_mh, Mm^Qhh, Mm^Qhh
Mm^Qhh, Mm^Qhh, Hh^Fp, Mm^Qhh, Hh, Hh^Fds, Hh^Fms, Cfr, Urb^Qhu, Isa^Qhu, Isa^Qhu, Isa^Qhu, Urb^Qhu, Cfr^Es, Hh^Em, Hh^Em, Hh^Qhh, Hh^Fms, Hh^Em, Mm^Qhh, Mm^Qhh
Mm^Qhh, Wwf^Es, Wwf^Qhh, Hh^Qhh, Hh^Em, Hh^Qhu, Urb^Qhu, Urb^Qhu, Isa^Emf, Urb^Em, Isa^Es, Urb^Qhu, Isa^Qhu, Urb^Qhu, Urb^Qhu, Hh^Fp, Hh^Fms, Hh^Qhh, Wwf^Qhh, Wwf^Qhh, Mm^Qhh
Hh^Qhh, Wwf^Qhh, Wwg^Qhh, Hh^Emf, Hh^Em, Hh^Qhu, Hh^Fds, Isa^Qhu, Isa^Es, Isa^Emf, Isa^_ml, Isa^Em, Isa^Es, Isa^Es, Hh^Qhu, Hh^Fp, Hh, Hh^Qhh, Wwg^Qhh, Hh^Qhh, Hh^Qhh
Hh^Qhh, Hh^Qhh, Hh^Qhh, Wwg, Wog^Qhux, Hh^Qhu, Rb^Qhu, Urb^Es, Urb^Qhu, Isa^Es, 1 Urb^Qhu, Isa^Qhu, Urb^Em, Urb^Emf, Rb^Emf, Hh^Qhu, Wwg, Wwg, Hh, Hh^Fds, Hh^Fds
Hh^Fms, Hh^Fms, Hh^Em, Hh^Qhu, Wog^Qhu, Wog^Qhu, Rb^Es, Rb^Qhu, Rb^Qhu, Rb^Em, Rb^Qhu, Rb^Qhu, Rb^Emf, Rb^Tf, Rb^Emf, Wwg^Qhux, Hh^Qhu, Hh^Fds, Hh^Qhu, Hh^Fds, Hh^Fms
Hh^Qhu, Hh^Fds, Hh^Qhu, Hh^Qhu, Wwg^_ml, Wwg^Ewf, Wwg^Ewl, Wwg^Qhu, Wwf^Qhu, Rb^Qhu, Wwf^Es, Rb^Em, Wwf^Wkf, Wwf^Wkf, Wwf^Qhu, Wwg^Qhu, Wwf^_ml, Hh^Qhu, Hh^Qhu, Hh^Fms, Hh^Qhu
Hh^Qhu, Hh^Qhu, Hh^Fds, Wwg^Qhu, Gg^Efm, Wwg^Ewl, Hh^Qhu, Wwf^Wkf, Hh^Emf, Wwf^Wkf, Wwf^Wkf, Wwf^Ewl, Rb^Qhu, Wwf^Wkf, Gll^Em, Wwf^Es, Gg^Fds, Hh^Fds, Gg^Fds, Hh^Qhu, Hh^Qhu
Hh^Qhu, Hh^Fds, Hh^Fds, Wog^Qhu, Gs^Fms, Gs^Qhu, Hh^Em, Hh^Fds, Hh^Fms, Hh^Fds, Hh^Fp, Gd^Fp, Rb^Es, Gll^Fp, Rb^Qhu, Gg^Qhu, Gg^Efm, Gg^Fds, Gg^Em, Hh^Qhu, Hh^Qhu
Hh^Qhu, Hh^_ml, Wog^Qhu, Wog^Qhu, Hh^Em, Hh^Qhu, Hh^Emf, Hh^Emf, Hh^Fds, Hh^Fms, Gd^Fds, Gd^Fp, Gd^Es, Rb^Es, Gd, Re^Qhu, Gs^Qhu, Gs^Efm, Gs^Fds, Gs^_ml, Gs^Fds
Wog^Qhu, Hh^Qhu, Wwg^Qhu, Wwg^Qhu, Hh^Fms, Hh^Qhu, Hh^Fds, Hh^Emf, Hh^Fds, Gs^Em, Gs^_ml, Gs^Efm, Gll^Efm, Gll^Fp, Gs^Fms, Re^Es, Re^Qhu, Gs^Fds, Gs^Fds, Gs^Fds, Gs^Fds
Wog^Qhu, Wog^Qhu, Wog^Qhu, Hh^Fms, Hh^Fms, Hh^Fds, Hh^Fds, Hh^Fds, Hh^Fds, Gs^Fds, Gs^Qhu, Gs^Efm, Gs^Qhu, Gll^Fp, Gs^Fds, Gs^Fds, Re^Qhu, Gs^Fds, Gs^Fds, Gs^Fds, Gs^Fds
