Wwg^Qhux, Wwg^Qhux, Wwf^Qhux, Wwf^Qhux, Wwf^Qhux, Wwf^Qhux, Wwf^Qhux, Gd^Qhux, Gll^Qhux, Gll^Qhux, Hhd^Qhux, Hd^Qhu, Hhd^Qhux, Hhd^Qhux, Wwf^Qhux, Wwg^Qhux, Wog^Qhux, Wog^Qhu, Wog^Qhux, Wog^Qhu, Wog^Qhux
Wwg^Qhux, Wwg^Qhux, Hhd^Qhux, Hhd^Qhux, Hhd^Qhux, Hhd^Qhux, Hhd^Qhux, Hhd^Qhux, Gd^Qhu, Gll^Qhux, Gd^Feth, Hhd^Qhux, Wwf^Qhux, Wwf^Qhux, Hhd^Qhux, Wwf^Qhux, Wwg^Qhux, Wog^Qhux, Wog^Qhux, Wog^Qhux, Wog^Qhux
Wwf^Qhux, Wwf^Qhux, Wwf, Hhd^Qhux, Gll^Qhux, Hhd^Qhux, Gd^Qhux, Gll^Qhu, Gll^Fmw, Re^Em, Gd^Emf, Gd^_ml, Gd^Fp, Hhd^Es, Hhd^Qhux, Hhd^Qhux, Wwf^Qhux, Wwg^Qhux, Wwg^Qhux, Wog^Qhux, Wog^Qhux
Wwf^Qhux, Wwf^Qhux, Wwf, Wwf^Es, Gll^Emf, Gd^Emf, Gd^Qhu, Gll^Es, Rb^Qhu, Rb^Em, Hhd^Qhu, Gd^Vc, Gd^Fmw, Gd^Fdw, Gll^Fdw, Gll^Qhu, Wwf^Qhux, Wwf^Qhux, Wwf^Qhux, Wog^Qhux, Wwg^Qhux
Gll^Qhu, Gll^Qhux, Gll^Fp, Wwf^_ml, Hhd^Qhu, Hhd^Qhu, Hhd^Fdw, Hhd^Qhu, Rb, Hhd^Qhu, Gd^Em, Hhd^Qhu, Gd^Qhu, Gll^Qhu, Gll^Qhu, Wwf^Qhux, Hhd^Qhux, Wwf^Qhux, Wwf^Qhux, Wwf^Qhux, Wwf^Qhux
Hhd^Qhu, Hhd, Hhd^Qhu, Wwf, Hhd^Qhu, Hhd^Es, Hhd^Fdw, Hhd^Fmw, Gll^Emf, Rb, Gd^Em, Gd^Em, Gd^Em, Hhd, Hhd^Fp, Hhd^Qhu, Hhd^Fp, Hhd^Fp, Hhd^Es, Hhd^Qhu, Wwf^Qhux
Hhd^Qhu, Hhd^Qhu, Gll^Em, Hhd^Qhu, Gd, Hhd^Qhu, Gd, Gd^Fdw, Gd^Emf, Gll^Emf, Rb, Gd^Es, Gd^Feth, Hhd^Fp, Gd^Fp, Hhd^Qhu, Gd^Qhu, Hhd^_ml, Gd^Em, Hhd^Qhu, Hhd^Qhux
Hhd^Qhu, Gll, Gll^Em, Gd^Em, Gd^Fp, Gd, Hhd^Es, Gll, Gll, Gd^Fmw, Gd, Re^Emf, Gll, Gd^Vhr, Gd, Gd, Gll^Qhu, Gd^Fetd, Hhd^Qhu, Hhd^Es, Hhd^Qhu
Hhd^Qhu, Hhd^Qhu, Hhd^Vhhr, Gd, Gd^Fp, Hhd^Fdw, Hhd^Fetd, Gll^Em, Md, Gd^Es, Hhd, Re, Hhd^Fp, Gd^Fmw, Hhd, Gll^Qhu, Gd, Gll^Qhu, Gll^Em, Hhd^Qhu, Hhd^Qhu
Hhd, Hhd^Es, Md, Md, Hhd^Es, Md, Md, Md, Md^Qhh, Hhd^Dr, Md^Qhh, Md^Qhh, Hhd^Qhh, Hhd^Fmw, Md^Qhh, Gd^Es, Gd^Es, Gd, Gll^Es, Gll^Fp, Gd^Fp
Gd^Fmw, Hhd^Em, Gll^Fdw, Md, Hhd^Fp, Md, Md^Qhh, Md^Qhh, Re^Qhh, Hhd^Qhh, Hhd^Qhh, Md^Qhh, Re^Qhh, Hhd^Qhh, Md^Qhh, Md, Hhd^Fmw, Gd^Fp, Gd, 1 Gd, Hhd
Gd^Fp, Gll^Fmw, Gll^Fdw, Hhd^Fdw, Hhd^Qhh, Md^Qhh, Md^Qhh, Hhd^Qhh, Rb^Qhh, Rb^Em, Re^Es, Re^Qhh, Rb^Es, Re^Em, Md^Qhh, Md^Xm, Md^Xm, Gd^Fp, Md, Hhd^Es, Md
Md, Md, Gll^Fp, Hhd^Qhh, Hhd^_mh, Hhd^Emf, Hhd^Qhh, Hhd^Qhh, Md^Qhh, Rb^Qhh, Rb^Em, Re^_mh, Rb^Es, Hhd^Qhh, Hhd^Qhh, Md^Qhh, Md^Qhh, Hhd^Fp, Md, Md, Md
Md^Xm, Md^Xm, Hhd^Qhh, Hhd^Qhh, Hhd^Qhh, Hhd^Es, Hhd^Qhh, Md^Qhh, Hhd, Rb^Qhh, Re^Emf, Re^Emf, Re, Md^Qhh, Hhd^Qhh, Md^Qhh, Md^Qhh, Md^Qhh, Md^Xm, Md, Md
Md^Xm, Md^Xm, Md^Xm, Md^Qhh, Md^Qhh, Md^Qhh, Md^Qhh, Hhd, Hhd^Qhh, Hhd^_mh, Md^Xm, Md^Qhh, Md^Qhh, Hhd^Qhh, Hhd^Qhh, Hhd^Qhh, Hhd^Qhh, Md^Xm, Md^Xm, Md, Hhd^Fp
Md^Xm, Md^Xm, Md^Xm, Md^Xm, Md^Qhh, Md^Qhh, Md^Xm, Hhd^Em, Hhd^Qhh, Md^Qhh, Md^Xm, Md^Xm, Md^Qhh, Hhd^Qhh, Md^Qhh, Md^Qhh, Wwf^Dr, Md^Xm, Hhd^Feth, Hhd^Fdw, Hhd^Fp
Md, Md, Md^Xm, Md^Xm, Md, Md^Qhh, Md^Xm, Md^Xm, Md^Xm, Md^Xm, Md^Xm, Md^Xm, Md^Xm, Md^Qhh, Rrd^Qhh, Md^Qhh, Wwf, Wwf, Wwf, Wwf, Wwf
