Xu, Xu, Xu, Xu, Xu, Xu, Xu, Xu, Xu, Xu, Xu, Xu, Xu, Xu, Xu, Xu, Xu, Xu, Xu^Efs, Xu, Xu, Xu, Xu, Xu, Xu, Xu, Xu, Xu, Xu, Xu, Xu
Xu, Xu, Xu, Xu, Xu, Xu, Xu, Xu, Xu, Xu, Xu, Xu, Xu, Xu, Qxua, Xu^Efs, Xu^Efs, Xu, Uue, Uhe, Uhe^Tf, Xu, Uh, Xu^Efs, Xu^Efs, Xu, Xu, Xu, Xu, Xu, Xu
Xu, Xu, Xu, Xu, Xu, Xu, Xu, Xu, Xu, Xu, Xu, Xu, Qxua, Qxua, Uu, Ur, Ur, Ur, Uue, Uu, Uue^Emf, Uu^Emf, Uh, Uhe^Tf, Cud, Xu, Xu, Xu, Xu, Xu, Xu
Wo, Xu, Xu, Xu, Xu, Xu, Xu, Xu, Xu, Xu, Xu, Qxua, Uhe^Tf, Uhe^Emf, Uue, Uu, Xu, Uue, Qxua, Qxua, Ur, Uu, Ur, Cud, 1 Kud, Cud, Xu, Xu, Xu, Xu, Xu
Ww, Ww, Wwr, Xu, Xu, Xu, Xu, Xu, Xu, Xu, Xu, Qxua, Uue^Emf, Ur, Uu^Vud, Xu, Uu^Vud, Xu^Efs, Uue, Uu, Uu, Ur, Uh, Cud, Cud, Cud, Xu, Xu, Xu, Xu, Xu
Qxua, Ww, Wwr, Ww, Xu, Xu, Xu, Xu, Xu, Xu, Xu, Qxua, Uh, Ur, Uh, Xu, Uh, Ur, Uue^Emf, Uue, Xu, Xu, Qxua, Uhe, Ur, Uh^Emf, Xu^Efs, Xu, Xu, Xu, Xu
Xu, Qxua, Ww, Ww, Xu, Xu, Xu, Xu, Xu, Xu, Xu, Xu, Qxua, Qxua^Bs|, Qxua, Xu, Uh, Uu, Uh^Tf, Uhe, Xu, Xu, Qxua, Ur, Uu^Vud, Uh, Qxua, Xu, Xu, Xu, Xu
Xu, Xu, Ww, Ww, Xu, Xu, Xu, Xu, Xu, Xu, Xu^Efs, Xu^Efs, Ww, Ww, Ww, Qxua, Qxua^Bs/, Ur, Xu, Xu, Xu^Efs, Qxua, Uh^Tf, Uue, Uu, Uh, Qxua, Xu, Xu, Xu, Xu
Xu, Xu, Wo, Wo, Xu^Efs, Xu^Efs, Xu, Xu, Qxua, Xu, Wo, Wo, Wo, Wwr, Ww, Ww, Wwr, Qxua, Xu, Xu^Efs, Uhe, Uhe^Tf, Uu^Tf, Uu, Xu, Qxua, Xu, Xu, Xu, Xu, Xu
Xu, Xu, Wo, Wo, Wo, Qxua, Qxua, Qxua, Wo, Wo, Wo, Wo, Wo, Wo, Wo, Ww, Ww, Qxua, Ur, Uu^Vud, Uue, Uue^Emf, Qxua, Xu, Xu, Xu, Xu, Xu, Xu, Xu, Xu
Qxua, Xu^Efs, Wo, Wo, Qxua, Xu, Xu, Wo, Wo, Wo, Wo, Wo, Wo, Wo, Wo, Ww, Xu, Qxua^Bs\, Ur, Uue, Uh, Qxua, Xu, Xu, Xu, Xu, Xu, Xu, Xu, Xu, Xu
Wo, Qxua, Wo, Wo, Wo, Qxua, Qxua, Qxua, Wo, Wo, Wo, Wo, Qxua, Wo, Xu, Xu, Xu, Qxua, Uu, Uh, Xu, Xu, Xu, Xu, Xu, Xu, Xu, Xu, Xu, Xu, Xu
Wo, Wo, Wo, Wo, Wo, Wo, Wo, Wo, Wo, Wo, Wo, Qxua, Xu, Xu, Xu, Xu, Xu, Xu, Xu, Xu, Xu, Xu, Xu, Xu, Xu, Xu, Xu, Xu, Xu, Xu, Xu
Wo, Wo, Wo, Wo, Wo, Wo, Wo, Wo, Wo, Wo, Wo, Qxua, Xu^Efs, Xu, Xu, Xu, Xu, Xu, Xu, Xu, Xu, Xu, Xu, Xu, Xu, Xu, Xu, Xu, Xu, Xu, Xu
Wo, Wo, Wo, Wo, Xu, Wo, Wo, Wo, Wo, Wo, Qxua, Qxua, Qxua, Xu^Efs, Xu, Xu, Xu, Xu, Xu, Xu, Xu, Xu, Xu, Xu, Xu, Xu, Xu, Xu, Xu, Xu, Xu
Xu, Wo, Wo, Wo, Xu^Efs, Wo, Wo, Wo, Wo, Wo, Wo, Wo, Wo, Wo, Wo, Xu, Wo, Xu^Efs, Xu^Efs, Xu, Xu, Xu, Xu, Xu, Xu, Xu, Xu, Xu, Xu, Xu, Xu
Xu, Xu, Xu, Xu, Qxua, Wo, Wo, Wo, Wo, Wo, Wo, Wo, Wo, Wo, Wo, Wo, Qxua, Wo, Wo, Xu, Xu, Xu, Xu, Xu, Xu, Xu, Xu, Xu, Xu, Xu, Xu
Xu, Xu, Xu, Xu, Qxua, Wo, Wo, Wo, Wo, Wo, Xu, Wo, Wo, Wo, Xu, Qxua, Wo, Qxua, Wo, Wo, Xu, Xu, Xu, Xu, Xu, Xu, Xu, Xu, Xu, Xu, Xu
Xu, Xu, Xu, Xu, Xu, Wo, Wo, Wo, Wo, Qxua, Xu, Xu, Xu, Xu, Xu, Wo, Wo, Wo, Xu, Xu, Xu^Efs, Xu^Efs, Xu, Xu, Xu^Efs, Xu, Xu, Xu, Xu, Xu, Xu
Xu, Xu, Xu, Xu, Wo, Wo, Wo, Wo, Wo, Qxua, Xu^Efs, Xu, Xu, Xu, Xu, Wo, Wo, Qxua, Xu, Xu^Efs, Wo, Wo, Wo, Wo, Wo, Qxua, Qxua, Xu, Xu, Xu, Xu
Xu, Xu, Xu, Xu, Wo, Wo, Wo, Wo, Wo, Wo, Wo, Xu, Xu, Xu, Xu, Wo, Wo, Qxua, Wo, Wo, Wo, Wo, Wo, Wo, Wo, Wo, Qxua, Xu, Xu, Xu, Xu
Xu, Xu, Xu, Xu, Wo, Wo, Wo, Wo, Wo, Wo, Wo, Xu, Qxua, Xu, Wo, Wo, Wo, Wo, Wo, Wo, Xu, Xu, Wo, Wo, Wo, Wo, Xu, Xu, Xu, Xu, Xu
Xu, Xu, Xu, Xu, Xu, Wo, Wo, Wo, Wo, Wo, Wo, Qxua, Wo, Wo, Wo, Wo, Wo, Wo, Wo, Qxua, Xu, Xu, Xu, Wo, Wo, Wo, Xu, Xu, Xu, Xu, Xu
Xu, Xu, Xu, Xu, Xu, Xu, Xu^Efs, Wo, Wo, Wo, Wo, Wo, Wo, Wo, Xu, Wo, Wo, Wo, Wo, Wo, Wo, Xu^Efs, Xu^Efs, Wo, Wo, Wo, Xu, Xu, Xu, Xu, Xu
Xu, Xu, Xu, Xu, Xu, Qxua, Qxua, Wo, Wo, Wo, Wo, Wo, Xu, Xu, Xu, Xu, Xu, Xu, Xu, Wo, Wo, Wo, Wo, Wo, Wo, Wo, Wo, Xu^Efs, Xu^Efs, Xu, Xu
Xu, Xu, Xu, Xu, Xu, Qxua, Wo, Wo, Wo, Wo, Qxua, Qxua, Xu, Xu, Xu, Xu, Xu, Xu, Xu, Wo, Wo, Wo, Wo, Wo, Wo, Wo, Wo, Wo, Wo, Wo, Wo
Xu, Xu, Wo, Wo, Wo, Wo, Wo, Wo, Wo, Wo, Qxua, Xu, Xu, Xu, Xu, Xu, Xu, Xu, Xu, Xu, Xu, Xu, Xu, Wo, Wo, Wo, Wo, Wo, Chw, Chw, Chw
Wo, Wo, Wo, Wo, Wo, Wo, Xu^Efs, Wo, Wo, Wo, Xu, Xu, Xu, Xu, Xu, Xu, Xu, Xu, Xu, Xu, Xu, Xu, Xu, Xu, Xu, Wo, Wo, Wo, Chw, Khw, Chw
Wo, Wo, Xu, Xu, Xu, Xu^Efs, Wo, Wo, Wo, Wo, Xu^Efs, Xu, Xu, Xu, Xu, Xu, Xu, Xu, Xu, Xu, Xu, Xu, Xu, Xu, Xu, Wo, Wo, Wo, Wo, Chw, Wo
Xu, Xu, Xu, Xu, Qxua, Wo, Wo, Wo, Wo, Wo, Qxua, Xu, Xu, Xu, Xu, Xu, Xu, Xu, Xu, Xu, Xu, Xu, Xu, Xu, Xu, Xu, Xu, Wo, Xu, Wo, Wo
Xu, Xu, Xu, Xu, Xu, Wo, Wo, Wo, Wo, Wo, Qxua, Xu, Xu, Xu, Xu, Xu, Xu, Xu, Xu, Xu, Xu, Xu, Xu, Xu, Xu, Xu, Xu, Xu, Xu, Xu, Xu
Xu, Xu, Xu, Xu, Xu, Wo, Wo, Wo, Xu, Qxua, Xu, Xu, Xu, Xu, Xu, Xu, Xu, Xu, Xu, Xu, Xu, Xu, Xu, Xu, Xu, Xu, Xu, Xu, Xu, Xu, Xu
Xu, Xu, Xu, Xu, Xu, Wo, Wo, Wo, Xu, Xu, Xu, Xu, Xu, Xu, Xu, Xu, Xu, Xu, Xu, Xu, Xu, Xu, Xu, Xu, Xu, Xu, Xu, Xu, Xu, Xu, Xu
Xu, Xu, Xu, Xu, Xu, Wo, Wo, Wo, Xu, Xu, Xu, Xu, Xu, Xu, Xu, Xu, Xu, Xu, Xu, Xu, Xu, Xu, Xu, Xu, Xu, Xu, Xu, Xu, Xu, Xu, Xu
Xu, Xu, Xu, Xu, Xu, Wo, Wo, Wo, Xu, Xu, Xu, Xu, Xu, Xu, Xu, Xu, Xu, Xu, Xu, Xu, Xu, Xu, Xu, Xu, Xu, Xu, Xu, Xu, Xu, Xu, Xu
