Ms^Xm, Ms^Xm, Ms, Ms, Ms^Xm, Ms^Xm, Ms^Xm, Aa^Fpa, Aa^Fpa, Aa, Ai, Ai, Ms^Xm, Ms^Xm, Xu, Xu, Xu, Xu, Xu, Xu, Xu, Xu, Xu, Xu, Xu, Xu, Xu, Xu, Xu, Xu, Xu, Xu, Xu, Xu, Xu, Xu, Xu, Xu, Xu, Xu, Xu
Ms^Xm, Ms^Xm, Ms^Xm, Ms, Ms, Ms^Xm, Ms, Ms^Xm, Ms^Xm, Aa, Ai, Ms^Xm, Ms^Xm, Ms^Xm, Ms^Xm, Xu, Xu, Xu, Xu, Xu, Xu, Xu, Xu, Xu, Xu, Xu, Xu, Xu, Xu, Xu, Xu, Xu, Xoa, Xoa, Xoa, Xu, Xu, Xu, Xu, Xu, Xu
Ms^Xm, Ms^Xm, Ha^Fma, Ms, Ha, Ms, Ha^Fda, Ms^Xm, Aa, Ai^Esa, Ai, Ms^Xm, Ms^Xm, Ms^Xm, Ms^Xm, Xu, Xu, Xu, Xu, Xu, Xu, Xu, Xu, Xu, Xu, Xu, Xu, Xu, Xu, Xu, Xu, Xu, Xu, Uh^Tf, Uu^Edb, Uu^Edb, Uh, Xu, Xu, Xu, Xu
Ms^Xm, Ms, Ms, Ha, Aa^Esa, Aa^Fda, Aa^Fda, Aa^Esa, Ai, Ai, Ms, Ms, Ms^Qhh, Ms^Xm, Ms^Qhh, Xu, Xu, Xu, Xu, Xu, Xu, Xu, Xu, Xu, Uh^Tf, Xu, Xu, Xu, Xu, Xu, Xu, Xu, Xu, Uh^Tf, Uh^Pr|, Uu^Emf, Xoa, Xu, Xu, Xu, Xu
Ms^Xm, Ms^Xm, Ms^Xm, Ms^Xm, Aa^Fpa, Aa^Fma, Aa^Fda, Aa, Ai, Ai, Ms^Qhh, Ms^Qhh, Ms^Qhh, Ms^Qhh, Ha^Qhh, Ha^Qhh, Cfa, Aa, Uu^Es, Xu, Uh^Tf, Uh, Uh, Uh^Tf, Uh^Emf, Xu, Xoa, Xoa, Xoa, Xu, Xoa, Xu, Xu, Xu, Uh^Edb, Xoa, Xoa, Xu, Xu, Xu, Xu
Ms^Xm, Ms^Xm, Ms^Xm, Ha^Vhha, Ha^Fpa, Aa, Aa, Ai^Es, Ai, Ha^Qhh, Ha^Qhh, Aa^Qhh, Aa^Qhhf, Aa^Qhhf, Rb^Esa, Ha^Qhh, Rb^Qhh, Cfa, Uh, Uu, Uu^Es, Uu^Es, Uu, Uh, Uu, Cfr^Ii, Isa^Ii, Isa, Uh^Dr, Xu, Isa^Es, Isa, Isa^Emf, Uh^Em, Uu^Es, Uu^Edb, Uh^Em, Xu, Xu, Xu, Xu
Ms, Ms^Xm, Ms, Ha, Ha^Fpa, Aa^Fpa, Ai^Esa, Aa, Ai, Ai, Ai^Esa, Ai, Ai, Aa^Qhhf, Aa^_mh, Rb^Qhh, Aa^Qhh, Cfa, Xu, Uh^Emf, Uh^Emf, Uh^Vu, Uu^Tfi, Uu^Em, Isa^Edb, Uu^Ii, Isa^Emf, Isa^Emf, Isa^Em, Isa, Isa, Isa^Vu, Isa, Uu^Em, Uu, Uu^Tf, Uu^Pr/, Xu, Uh^Em, Xu, Xu
Ms^Xm, Ms, Ms, Ms, Ha^Feta, Ai, Ai^Esa, Ai^Esa, Ai, Ai^Es, Ai, Ai, Aa^Qhhf, Aa^Qhh, Ha^Vca, Ha, Ms^Qhh, Xu, Xu, Uh^Emf, Xu, Uh^Tf, Xu, Uu^Ii, Isa, Isa, Wwf^Qhu, Wwf^Qhu, Wwf^Qhu, Xoa, Wwf^Qhu, Isa^Edb, Isa^Edb, Isa^Em, Uh, Xu, Uu^Emf, Uu^Emf, Uh, Xoa, Xu
Ms^Xm, Ms^Xm, Ha, Ha, Ai, Ai, Aa, 1 Aa, Ai^Es, Ai, Ai^Es, Aa^Es, Aa^Qhh, Ms^Qhh, Ms^Qhh, Ms^Qhh, Ms^Qhh, Xu, Xu, Xu, Xoa, Xu, Xu, Isa, Isa^Edb, Xoa, Wwg^Qhux, Wog^Qhux, Wwg^Qhux, Wwg^Qhu, Wwg^Qhux, Wwf^Qhu, Isa^Edb, Uh^Dr, Uh, Xu, Xu, Uh^Tf, Xoa, Xoa, Xu
Ms, Ms, Ms, Ha, Ai, Ai, Ai, Aa, Ai, Ai^Esa, Ai, Aa, Ha, Ms, Ms, Ms^Xm, Xu, Xu, Uh, Xoa, Uu^Tf, Uh, Isa, Uh^Dr, Isa, Wwg^Qhu, Wwg^Qhux, Wog^Qhux, Wog^Qhux, Wog^Qhux, Wwg^Qhux, Wwf^Qhu, Isa, Isa^Edb, Xu, Xu, Xu, Xoa, Xu, Xu, Xu
Ms, Ms, Ms, Ai, Ai, Ai, Ai, Ai, Ms, Ai, Ai, Ai^Qhu, Ai^Qhu, Ha, Xu, Ms, Xu, Xu, Uh^Es, Uh^Tf, Uu^Tf, Isa, Isa, Isa, Isa^Es, Wwf^Qhu, Wwf^Qhu, Wog^Qhux, Wwg^Qhu, Wwg^Qhux, Wwf^Qhu, Xoa, Isa, Isa, Xu, Xu, Xu, Xu, Xu, Xu, Xu
Ms, Ms, Ha, Ai^Es, Aa^Vaa, Ai, Ms, Ms^Xm, Ms^Xm, Xu, Xu, Ai^Qhu, Ai^Qhu, Xu, Xu, Xu, Xu, Uh, Uu^Ii, Uu, Uu, Uu^Edb, Isa, Isa^Dr, Isa^Edb, Isa^Edb, Isa^Es, Xoa, Isa^Emf, Wwg^Qhu, Isa^Vu, Isa, Uu^Em, Uh, Uh^Emf, Xu, Xu, Xu, Xu, Xu, Xu
Ms, Ms, Ms, Aa, Aa^Fpa, Ai, Ha, Ms^Xm, Xu, Xu, Xu, Qxu, Qxu, Qxu, Qxu, Qxu, Qxu, Qxu^Ii, Uu^Ii, Uu^Em, Xu, Uu, Uh^Tf, Uh^Emf, Uh^Emf, Isa^Edb, Uh^Dr, Isa, Isa, Isa, Isa^Edb, Isa^Edb, Isa, Uu^Tf, Isa, Xu, Xu, Xu, Xu, Xu, Xu
Ha, Ha, Ha^Fma, Aa^Fpa, Ha, Ai, Ai, Ms, Aa, Xu, Qxu, Qxu, Qxu, Qxu, Qxu, Qxu, Qxu^Ii, Qxu^Ii, Qxu, Qxu, Qxu, Xu, Xu, Xu, Xoa, Isa, Isa, Isa, Isa, Isa^Edb, Isa, Isa, Isa, Isa, Isa^Qhh, Xoa, Xoa, Xu, Xu, Xu, Xu
Ha, Ha^Esa, Ha, Ha^Fma, Ha^Fda, Ha, Ai, Ai, Ai^Qhu, Xu, Qxu, Qxu, Qxu, Qxu, Qxu, Qxu, Qxu, Qxu, Qxu^Ii, Qxu^Ii, Qxu, Xu, Qxu, Xu, Xu, Xoa, Isa^Qhh, Isa^Qhh, Isa^Qhh, Isa^Qhh, Isa^Qhh, Isa^Qhh, Isa^Qhh, Isa^Qhh, Isa^Edb, Uh^Qhh, Xoa, Xu, Xu, Xu, Xu
Ms^Xm, Ms, Ms, Ms, Ms, Ms, Ha, Ai^Qhu, Ai^Qhu, Qxu, Qxu, Qxu, Qxu, Qxu, Qxu, Qxu, Qxu, Qxu, Qxu, Qxu, Qxu, Qxu, Qxu, Xu, Xu, Xoa, Isa^Qhh, Isa^Es, Xoa, Uu^Em, Isa^Edb, Isa^Edb, Xoa, Isa^Edb, Isa^Edb, Isa^Qhh, Isa^Qhh, Xoa, Xu, Xu, Xu
Xu, Ms^Xm, Xu, Xu, Xu, Xu, Xu, Ai^Qhu, Qxu, Qxu, Qxu, Qxu, Qxu, Uh^Em, Uh^Edb, Cfr, Kfr, Cfr^Tf, Qxu, Qxu, Qxu, Qxu, Qxu, Qxu, Xu, Xu, Isa^Qhh, Uh^Qhh, Uh^Emf, Uu^Emf, Isa^Qhh, Isa^Edb, Isa^Es, Isa^_mh, Isa^Edb, Xoa, Isa^Emf, Uh^Qhh, Xu, Xu, Xu
Xu, Xu, Xu, Xu, Qxu, Xu, Xu, Qxu, Qxu, Qxu, Qxu, Uh, Uh^Dr, Uh, Isa, Cte^Em, Cte^Es, Cte^Tf, Qxu, Qxu, Uh^Emf, Uh^Tf, Qxu, Qxu, Qxu, Xu, Xu, Isa^Qhh, Isa^_mh, Isa^Emf, Xoa, Isa^Qhh, Uu^Es, Uh^Edb, Uh^Edb, Isa^Edb, Isa^Em, Uu^Qhh, Uh^Qhh, Xu, Xu
Xu, Uh, Xu, Xu, Qxu, Qxu, Qxu, Qxu, Wwf^Qhu, Qxu, Wwg^Qhu, Wwg^Qhu, Uh, Uh^Em, Isa^Emf, Isa^Em, Isa^Edb, Uh, Uu^Em, Qxu^Bp/, Qxu, Uh^Em, Uu, Qxu, Qxu, Xu, Xu, Isa^Qhh, Isa^Em, Isa^Edb, Isa^Edb, Isa^Es, Isa^Es, Xoa, Isa^Edb, Isa^Edb, Isa^Emf, Uh^Qhh, Xu, Xu, Xu
Qxu, Qxu, Qxu, Qxu, Qxu, Qxu, Uu^Tf, Wwf^Qhu, Wwf^Edb, Xoa, Wwf^Qhu, Wwf^Qhu, Wwf^Qhu, Uu^Emf, Uu^Emf, Isa^Es, Xoa, Uu^Edb, Uh, Qxu, Qxu, Qxu, Uu^Es, Uu^Vu, Qxu, Qxu, Uh, Isa^Qhh, Isa^Qhh, Isa^Qhh, Isa^Qhh, Isa^Qhh, Isa^Qhh, Isa^Qhh, Isa^Qhh, Isa^Emf, Uu^_mh, Uh^Qhh, Xu, Xu, Xu
Qxu, Qxu, Qxu, Qxu, Qxu, Uh, Xoa, Uh^Tf, Uu^Ii, Uh^Em, Uu^Edb, Wwf^Qhu, Uu, Uu^Emf, Isa^Edb, Isa^Edb, Isa, Uh^Vu, Uh^Em, Uh, Qxu^Bs\, Qxu, Isa, Isa^Em, Qxu, Qxu, Uh^Es, Uh, Isa, Isa, Isa, Isa, Uu^Tf, Isa, Xu, Uu^Qhh, Uh^Qhh, Uu^Qhh, Uh^Qhh, Xu, Xu
Xu, Uh^Emf, Uh^Dr, Qxu, Uu, Uh^Dr, Uu^Vu, Isa^Ii, Isa^Ii, Isa^Edb, Uu^Edb, Uu^Edb, Uh^Tf, Xoa, Uh^Em, Isa^Edb, Qxu, Isa, Qxu, Uh, Qxu, Uh, Uh, Isa, Isa^Em, Qxu, Xoa, Isa^Eb, Isa, Isa^Es, Isa^Es, Uh^Eb, Xoa, Uu^Tf, Xu, Uh^Qhh, Xu, Uh^Qhh, Xu, Xu, Xu
Xu, Uh^Tf, Uu^Em, Uu, Isa^Ii, Isa^Em, Uu^Ii, Isa^Edb, Uu^Em, Uu^Emf, Xoa, Uu, Uu^Emf, Uh, Uu, Qxu, Qxu, Qxu, Qxu, Qxu, Qxu, Qxu, Qxu, Isa, Isa, Isa, Isa^Edb, Isa^Edb, Isa, Isa^Es, Isa^Ii, Uh^Tfi, Isa, Isa, Isa^Em, Xu, Xoa, Xu, Xu, Xu, Xu
Xu, Xu, Xu, Uh^Ii, Isa^Ii, Isa^Ii, Isa^Dr, Isa^Edb, Isa, Uu^Emf, Wwf^Qhu, Wwf^Qhu, Qxu, Qxu, Qxu, Qxu, Xu, Xu, Qxu, Qxu, Qxu, Qxu, Uh^Tf, Isa, Xoa, Isa^Emf, Isa^Ii, Uu^Edb, Cfr^Ii, Uh^Edb, Cte^Edb, Isa^Ii, Isa^Emf, Isa^Eb, Uh^Dr, Isa^Tf, Isa, Xoa, Xoa, Xu, Xu
Xu, Xu, Uh^Dr, Uh^Dr, Uh, Uu, Wwf^Ii, Wwf^Ii, Wwf, Wwf, Wwf^Qhu, Wwg^Qhu, Qxu, Qxu, Qxu, Qxu, Xu, Xu, Qxu, Qxu, Qxu, Uu^Em, Uh, Uh^Tf, Isa, Isa^Ii, Uh^Em, Uh^Tf, Cfr^Em, Kfr, Cte^Edb, Cfr^Emf, Isa, Isa^Edb, Isa^Edb, Isa^Edb, Uu^Em, Isa^Em, Xu, Xu, Xu
Xu, Xu, Xu, Uh^Dr, Xu, Wwf^Es, Wwf^Es, Wwf^Es, Xu, Uh, Xu, Qxu, Qxu, Qxu, Qxu, Qxu, Qxu, Qxu, Qxu, Uh^Emf, Uu^Tf, Uu^Edb, Xoa, Xoa, Xoa, Isa, Xu, Uh, Uu, Cte^Edb, Isa^Edb, Isa, Isa, Isa^Vu, Isa^Es, Isa, Uh^Emf, Uu^Emf, Uh, Xu, Xu
Xu, Xu, Xu, Xu, Xu, Wwf^Es, Xu, Wwf^Dr, Xu, Xu, Xu, Xu, Xu, Uu, Uh^Emf, Qxu, Qxu, Qxu, Xu, Uh, Uh^Emf, Uu^Emf, Xu, Xu, Xu, Xu, Xu, Xu, Isa, Isa, Uh, Uh, Uu, Isa^Em, Xu, Uh, Uh, Uu, Uh, Xu, Xu
Xu, Xu, Xu, Xu, Xu, Xu, Xu, Xu, Xu, Xu, Xu, Xu, Xu, Uh, Xu, Qxu, Qxu, Uu^Tf, Xu, Xu, Xu, Xu, Xu, Xu, Xu, Xu, Xu, Xu, Xu, Xu, Xu, Xu, Xu, Xu, Xu, Xu, Xu, Xu, Xu, Xu, Xu
Xu, Xu, Xu, Xu, Xu, Xu, Xu, Xu, Xu, Xu, Xu, Xu, Xu, Xu, Xu, Xu, Qxu, Xu, Xu, Xu, Xu, Xu, Xu, Xu, Xu, Xu, Xu, Xu, Xu, Xu, Xu, Xu, Xu, Xu, Xu, Xu, Xu, Xu, Xu, Xu, Xu
